runs per ratio: 100000; ratios: 0.1, 0.15, 0.2, 0.25, 0.275, 0.3, 0.325, 0.35, 0.375, 0.4, 0.425, 0.45, 0.5, 0.55, 0.6, 0.7, 0.8, 1, 1.5, 2, 3, 5
beta 0.2; bound = alpha + 3 * sqrt(alpha * (1 - alpha) / 100000); * = above it

estimated variance, mixture, alpha 0.1, horizon 1000 rows per arm (bound 0.10285); rejection rate by burn-in N (N=2: none)
  ratio       N=2      N=20      N=30      N=40      N=50      N=60
  0.100  0.09137   0.07292   0.07292   0.07292   0.07290   0.07290
  0.150  0.12436*  0.09613   0.09607   0.09604   0.09596   0.09585
  0.200  0.13583*  0.09923   0.09883   0.09817   0.09757   0.09674
  0.250  0.14788*  0.10051   0.09935   0.09775   0.09540   0.09280
  0.275  0.15372*  0.10073   0.09862   0.09611   0.09276   0.08925
  0.300  0.15892*  0.09985   0.09636   0.09239   0.08832   0.08381
  0.325  0.16385*  0.09961   0.09500   0.08962   0.08418   0.07931
  0.350  0.17048*  0.10056   0.09445   0.08793   0.08159   0.07614
  0.375  0.17370*  0.09759   0.09038   0.08277   0.07621   0.07068
  0.400  0.17871*  0.09624   0.08766   0.07902   0.07149   0.06534
  0.425  0.18417*  0.09644   0.08599   0.07640   0.06841   0.06200
  0.450  0.18754*  0.09379   0.08205   0.07300   0.06465   0.05687
  0.500  0.19650*  0.08867   0.07543   0.06497   0.05531   0.04703
  0.550  0.19932*  0.08269   0.06791   0.05641   0.04644   0.03799
  0.600  0.20646*  0.07848   0.06161   0.04895   0.03847   0.03045
  0.700  0.21407*  0.06766   0.04926   0.03477   0.02540   0.01743
  0.800  0.21722*  0.05521   0.03564   0.02306   0.01480   0.00940
  1.000  0.21775*  0.03540   0.01726   0.00841   0.00429   0.00209
  1.500  0.19653*  0.00668   0.00149   0.00041   0.00010   0.00002
  2.000  0.16525*  0.00067   0.00011   0.00001   0.00000   0.00000
  3.000  0.10431*  0.00001   0.00000   0.00000   0.00000   0.00000
  5.000  0.02753   0.00000   0.00000   0.00000   0.00000   0.00000
  worst: N=2: 0.21775 at 1  N=20: 0.10073 at 0.275  N=30: 0.09935 at 0.25  N=40: 0.09817 at 0.2  N=50: 0.09757 at 0.2  N=60: 0.09674 at 0.2

estimated variance, mixture, alpha 0.05, horizon 1000 rows per arm (bound 0.05207); rejection rate by burn-in N (N=2: none)
  ratio       N=2      N=20      N=30      N=40      N=50      N=60
  0.100  0.04296   0.02776   0.02776   0.02776   0.02776   0.02776
  0.150  0.06856*  0.04566   0.04565   0.04565   0.04565   0.04563
  0.200  0.07976*  0.04995   0.04988   0.04977   0.04965   0.04937
  0.250  0.08830*  0.05044   0.05001   0.04963   0.04899   0.04820
  0.275  0.09269*  0.05060   0.04985   0.04927   0.04825   0.04714
  0.300  0.09702*  0.05084   0.04984   0.04868   0.04733   0.04562
  0.325  0.10260*  0.05154   0.04999   0.04825   0.04620   0.04442
  0.350  0.10847*  0.05342*  0.05119   0.04872   0.04611   0.04417
  0.375  0.11030*  0.05194   0.04930   0.04638   0.04380   0.04118
  0.400  0.11545*  0.05180   0.04818   0.04498   0.04192   0.03857
  0.425  0.11959*  0.05234*  0.04789   0.04353   0.03987   0.03683
  0.450  0.12236*  0.05075   0.04587   0.04195   0.03773   0.03367
  0.500  0.13125*  0.04955   0.04370   0.03856   0.03376   0.02921
  0.550  0.13573*  0.04773   0.04050   0.03433   0.02869   0.02398
  0.600  0.14302*  0.04657   0.03778   0.03044   0.02449   0.01966
  0.700  0.15303*  0.04147   0.03062   0.02219   0.01611   0.01149
  0.800  0.15888*  0.03491   0.02346   0.01500   0.00985   0.00639
  1.000  0.16368*  0.02300   0.01138   0.00560   0.00296   0.00150
  1.500  0.15657*  0.00462   0.00109   0.00026   0.00007   0.00001
  2.000  0.13489*  0.00044   0.00005   0.00001   0.00000   0.00000
  3.000  0.08744*  0.00001   0.00000   0.00000   0.00000   0.00000
  5.000  0.02320   0.00000   0.00000   0.00000   0.00000   0.00000
  worst: N=2: 0.16368 at 1  N=20: 0.05342 at 0.35  N=30: 0.05119 at 0.35  N=40: 0.04977 at 0.2  N=50: 0.04965 at 0.2  N=60: 0.04937 at 0.2

estimated variance, mixture, alpha 0.025, horizon 1000 rows per arm (bound 0.02648); rejection rate by burn-in N (N=2: none)
  ratio       N=2      N=20      N=30      N=40      N=50      N=60
  0.100  0.02288   0.01010   0.01010   0.01010   0.01010   0.01010
  0.150  0.04148*  0.02208   0.02208   0.02208   0.02207   0.02207
  0.200  0.05032*  0.02508   0.02507   0.02505   0.02502   0.02496
  0.250  0.05641*  0.02511   0.02507   0.02499   0.02485   0.02468
  0.275  0.06079*  0.02537   0.02516   0.02495   0.02471   0.02441
  0.300  0.06388*  0.02543   0.02511   0.02478   0.02442   0.02397
  0.325  0.06819*  0.02601   0.02560   0.02499   0.02425   0.02351
  0.350  0.07266*  0.02764*  0.02686*  0.02611   0.02511   0.02398
  0.375  0.07486*  0.02677*  0.02573   0.02484   0.02392   0.02284
  0.400  0.07940*  0.02763*  0.02613   0.02503   0.02364   0.02225
  0.425  0.08160*  0.02736*  0.02559   0.02393   0.02243   0.02102
  0.450  0.08426*  0.02681*  0.02514   0.02353   0.02186   0.01990
  0.500  0.09218*  0.02722*  0.02467   0.02226   0.01979   0.01751
  0.550  0.09549*  0.02600   0.02310   0.02003   0.01728   0.01500
  0.600  0.10312*  0.02638   0.02185   0.01829   0.01488   0.01230
  0.700  0.11382*  0.02482   0.01868   0.01381   0.01026   0.00744
  0.800  0.11974*  0.02081   0.01417   0.00952   0.00636   0.00428
  1.000  0.12802*  0.01511   0.00744   0.00380   0.00199   0.00112
  1.500  0.12747*  0.00315   0.00073   0.00017   0.00006   0.00000
  2.000  0.11296*  0.00031   0.00005   0.00000   0.00000   0.00000
  3.000  0.07528*  0.00001   0.00000   0.00000   0.00000   0.00000
  5.000  0.02032   0.00000   0.00000   0.00000   0.00000   0.00000
  worst: N=2: 0.12802 at 1  N=20: 0.02764 at 0.35  N=30: 0.02686 at 0.35  N=40: 0.02611 at 0.35  N=50: 0.02511 at 0.35  N=60: 0.02496 at 0.2

estimated variance, mixture, alpha 0.01, horizon 1000 rows per arm (bound 0.01094); rejection rate by burn-in N (N=2: none)
  ratio       N=2      N=20      N=30      N=40      N=50      N=60
  0.100  0.01290*  0.00240   0.00240   0.00240   0.00240   0.00240
  0.150  0.02381*  0.00774   0.00774   0.00774   0.00774   0.00774
  0.200  0.03057*  0.00987   0.00986   0.00986   0.00986   0.00986
  0.250  0.03689*  0.01079   0.01079   0.01078   0.01077   0.01075
  0.275  0.03938*  0.01075   0.01074   0.01072   0.01067   0.01059
  0.300  0.04264*  0.01063   0.01056   0.01053   0.01043   0.01038
  0.325  0.04472*  0.01097*  0.01083   0.01066   0.01048   0.01025
  0.350  0.04714*  0.01092   0.01072   0.01051   0.01030   0.01002
  0.375  0.04934*  0.01076   0.01049   0.01036   0.01007   0.00976
  0.400  0.05306*  0.01162*  0.01130*  0.01088   0.01052   0.01013
  0.425  0.05433*  0.01102*  0.01055   0.01020   0.00977   0.00921
  0.450  0.05752*  0.01188*  0.01135*  0.01069   0.01014   0.00958
  0.500  0.06292*  0.01191*  0.01101*  0.01039   0.00966   0.00863
  0.550  0.06608*  0.01184*  0.01061   0.00957   0.00842   0.00735
  0.600  0.07226*  0.01209*  0.01034   0.00876   0.00737   0.00617
  0.700  0.08109*  0.01224*  0.00967   0.00748   0.00560   0.00436
  0.800  0.08708*  0.01061   0.00722   0.00507   0.00344   0.00225
  1.000  0.09635*  0.00778   0.00397   0.00211   0.00115   0.00063
  1.500  0.10086*  0.00188   0.00053   0.00011   0.00002   0.00000
  2.000  0.09237*  0.00019   0.00003   0.00000   0.00000   0.00000
  3.000  0.06276*  0.00001   0.00000   0.00000   0.00000   0.00000
  5.000  0.01743*  0.00000   0.00000   0.00000   0.00000   0.00000
  worst: N=2: 0.10086 at 1.5  N=20: 0.01224 at 0.7  N=30: 0.01135 at 0.45  N=40: 0.01088 at 0.4  N=50: 0.01077 at 0.25  N=60: 0.01075 at 0.25

estimated variance, mixture, alpha 0.005, horizon 1000 rows per arm (bound 0.00567); rejection rate by burn-in N (N=2: none)
  ratio       N=2      N=20      N=30      N=40      N=50      N=60
  0.100  0.00982*  0.00068   0.00068   0.00068   0.00068   0.00068
  0.150  0.01776*  0.00358   0.00358   0.00358   0.00358   0.00358
  0.200  0.02288*  0.00457   0.00457   0.00457   0.00457   0.00457
  0.250  0.02858*  0.00559   0.00559   0.00559   0.00557   0.00556
  0.275  0.03043*  0.00517   0.00517   0.00517   0.00515   0.00513
  0.300  0.03356*  0.00566   0.00566   0.00565   0.00563   0.00560
  0.325  0.03513*  0.00547   0.00541   0.00535   0.00530   0.00523
  0.350  0.03654*  0.00532   0.00528   0.00524   0.00517   0.00508
  0.375  0.03898*  0.00530   0.00527   0.00527   0.00512   0.00498
  0.400  0.04223*  0.00585*  0.00573*  0.00566   0.00560   0.00544
  0.425  0.04286*  0.00528   0.00514   0.00504   0.00486   0.00479
  0.450  0.04553*  0.00619*  0.00597*  0.00577*  0.00560   0.00523
  0.500  0.04961*  0.00615*  0.00578*  0.00555   0.00522   0.00472
  0.550  0.05294*  0.00645*  0.00586*  0.00535   0.00478   0.00424
  0.600  0.05791*  0.00683*  0.00601*  0.00509   0.00424   0.00369
  0.700  0.06561*  0.00721*  0.00576*  0.00452   0.00357   0.00279
  0.800  0.07153*  0.00629*  0.00436   0.00307   0.00214   0.00152
  1.000  0.07999*  0.00466   0.00252   0.00143   0.00079   0.00038
  1.500  0.08610*  0.00133   0.00037   0.00008   0.00002   0.00000
  2.000  0.08035*  0.00014   0.00002   0.00000   0.00000   0.00000
  3.000  0.05556*  0.00001   0.00000   0.00000   0.00000   0.00000
  5.000  0.01601*  0.00000   0.00000   0.00000   0.00000   0.00000
  worst: N=2: 0.08610 at 1.5  N=20: 0.00721 at 0.7  N=30: 0.00601 at 0.6  N=40: 0.00577 at 0.45  N=50: 0.00563 at 0.3  N=60: 0.00560 at 0.3

estimated variance, mixture, alpha 0.1, horizon 200 rows per arm (bound 0.10285); rejection rate by burn-in N (N=2: none)
  ratio       N=2      N=20      N=30      N=40      N=50      N=60
  0.100  0.02273   0.00268   0.00268   0.00268   0.00266   0.00266
  0.150  0.05634   0.02616   0.02610   0.02606   0.02596   0.02582
  0.200  0.09827   0.06000   0.05957   0.05886   0.05819   0.05731
  0.250  0.13333*  0.08520   0.08402   0.08235   0.07990   0.07717
  0.275  0.14581*  0.09228   0.09014   0.08761   0.08419   0.08060
  0.300  0.15473*  0.09543   0.09187   0.08784   0.08372   0.07914
  0.325  0.16188*  0.09753   0.09289   0.08747   0.08201   0.07705
  0.350  0.16950*  0.09948   0.09335   0.08681   0.08039   0.07486
  0.375  0.17328*  0.09708   0.08987   0.08224   0.07564   0.07000
  0.400  0.17855*  0.09604   0.08746   0.07881   0.07120   0.06499
  0.425  0.18411*  0.09637   0.08592   0.07632   0.06830   0.06187
  0.450  0.18752*  0.09375   0.08201   0.07296   0.06460   0.05677
  0.500  0.19649*  0.08866   0.07542   0.06496   0.05530   0.04702
  0.550  0.19932*  0.08269   0.06791   0.05641   0.04644   0.03799
  0.600  0.20646*  0.07848   0.06161   0.04895   0.03847   0.03045
  0.700  0.21407*  0.06766   0.04926   0.03477   0.02540   0.01743
  0.800  0.21722*  0.05521   0.03564   0.02306   0.01480   0.00940
  1.000  0.21775*  0.03540   0.01726   0.00841   0.00429   0.00209
  1.500  0.19653*  0.00668   0.00149   0.00041   0.00010   0.00002
  2.000  0.16525*  0.00067   0.00011   0.00001   0.00000   0.00000
  3.000  0.10431*  0.00001   0.00000   0.00000   0.00000   0.00000
  5.000  0.02753   0.00000   0.00000   0.00000   0.00000   0.00000
  worst: N=2: 0.21775 at 1  N=20: 0.09948 at 0.35  N=30: 0.09335 at 0.35  N=40: 0.08784 at 0.3  N=50: 0.08419 at 0.275  N=60: 0.08060 at 0.275

estimated variance, mixture, alpha 0.05, horizon 200 rows per arm (bound 0.05207); rejection rate by burn-in N (N=2: none)
  ratio       N=2      N=20      N=30      N=40      N=50      N=60
  0.100  0.01598   0.00028   0.00028   0.00028   0.00028   0.00028
  0.150  0.03023   0.00643   0.00642   0.00642   0.00642   0.00640
  0.200  0.05213*  0.02151   0.02143   0.02131   0.02114   0.02085
  0.250  0.07470*  0.03622   0.03576   0.03537   0.03467   0.03384
  0.275  0.08405*  0.04165   0.04090   0.04032   0.03929   0.03813
  0.300  0.09184*  0.04541   0.04440   0.04323   0.04184   0.04009
  0.325  0.09947*  0.04827   0.04672   0.04496   0.04289   0.04104
  0.350  0.10657*  0.05144   0.04919   0.04672   0.04409   0.04210
  0.375  0.10942*  0.05097   0.04832   0.04537   0.04271   0.04004
  0.400  0.11496*  0.05127   0.04765   0.04444   0.04131   0.03793
  0.425  0.11932*  0.05206   0.04759   0.04323   0.03952   0.03645
  0.450  0.12226*  0.05064   0.04576   0.04182   0.03757   0.03346
  0.500  0.13124*  0.04954   0.04369   0.03855   0.03372   0.02916
  0.550  0.13573*  0.04773   0.04050   0.03433   0.02869   0.02398
  0.600  0.14302*  0.04657   0.03778   0.03044   0.02449   0.01966
  0.700  0.15303*  0.04147   0.03062   0.02219   0.01611   0.01149
  0.800  0.15888*  0.03491   0.02346   0.01500   0.00985   0.00639
  1.000  0.16368*  0.02300   0.01138   0.00560   0.00296   0.00150
  1.500  0.15657*  0.00462   0.00109   0.00026   0.00007   0.00001
  2.000  0.13489*  0.00044   0.00005   0.00001   0.00000   0.00000
  3.000  0.08744*  0.00001   0.00000   0.00000   0.00000   0.00000
  5.000  0.02320   0.00000   0.00000   0.00000   0.00000   0.00000
  worst: N=2: 0.16368 at 1  N=20: 0.05206 at 0.425  N=30: 0.04919 at 0.35  N=40: 0.04672 at 0.35  N=50: 0.04409 at 0.35  N=60: 0.04210 at 0.35

estimated variance, mixture, alpha 0.025, horizon 200 rows per arm (bound 0.02648); rejection rate by burn-in N (N=2: none)
  ratio       N=2      N=20      N=30      N=40      N=50      N=60
  0.100  0.01299   0.00004   0.00004   0.00004   0.00004   0.00004
  0.150  0.02119   0.00139   0.00139   0.00139   0.00138   0.00138
  0.200  0.03222*  0.00660   0.00659   0.00657   0.00654   0.00647
  0.250  0.04637*  0.01470   0.01466   0.01458   0.01444   0.01426
  0.275  0.05328*  0.01761   0.01740   0.01719   0.01694   0.01664
  0.300  0.05895*  0.02026   0.01994   0.01961   0.01924   0.01876
  0.325  0.06525*  0.02298   0.02257   0.02194   0.02119   0.02041
  0.350  0.07071*  0.02560   0.02482   0.02407   0.02305   0.02185
  0.375  0.07383*  0.02565   0.02461   0.02371   0.02275   0.02164
  0.400  0.07880*  0.02700*  0.02550   0.02440   0.02296   0.02153
  0.425  0.08122*  0.02697*  0.02520   0.02354   0.02200   0.02055
  0.450  0.08406*  0.02660*  0.02493   0.02331   0.02161   0.01960
  0.500  0.09215*  0.02719*  0.02464   0.02223   0.01974   0.01746
  0.550  0.09549*  0.02600   0.02310   0.02003   0.01728   0.01500
  0.600  0.10312*  0.02638   0.02185   0.01829   0.01488   0.01230
  0.700  0.11382*  0.02482   0.01868   0.01381   0.01026   0.00744
  0.800  0.11974*  0.02081   0.01417   0.00952   0.00636   0.00428
  1.000  0.12802*  0.01511   0.00744   0.00380   0.00199   0.00112
  1.500  0.12747*  0.00315   0.00073   0.00017   0.00006   0.00000
  2.000  0.11296*  0.00031   0.00005   0.00000   0.00000   0.00000
  3.000  0.07528*  0.00001   0.00000   0.00000   0.00000   0.00000
  5.000  0.02032   0.00000   0.00000   0.00000   0.00000   0.00000
  worst: N=2: 0.12802 at 1  N=20: 0.02719 at 0.5  N=30: 0.02550 at 0.4  N=40: 0.02440 at 0.4  N=50: 0.02305 at 0.35  N=60: 0.02185 at 0.35

estimated variance, mixture, alpha 0.01, horizon 200 rows per arm (bound 0.01094); rejection rate by burn-in N (N=2: none)
  ratio       N=2      N=20      N=30      N=40      N=50      N=60
  0.100  0.01055   0.00000   0.00000   0.00000   0.00000   0.00000
  0.150  0.01640*  0.00019   0.00019   0.00019   0.00019   0.00019
  0.200  0.02219*  0.00134   0.00133   0.00133   0.00133   0.00133
  0.250  0.03059*  0.00433   0.00433   0.00432   0.00431   0.00429
  0.275  0.03442*  0.00566   0.00565   0.00563   0.00558   0.00549
  0.300  0.03918*  0.00704   0.00697   0.00694   0.00684   0.00678
  0.325  0.04262*  0.00879   0.00865   0.00848   0.00830   0.00806
  0.350  0.04544*  0.00914   0.00894   0.00873   0.00851   0.00822
  0.375  0.04836*  0.00971   0.00944   0.00931   0.00900   0.00866
  0.400  0.05237*  0.01089   0.01057   0.01015   0.00975   0.00934
  0.425  0.05391*  0.01059   0.01012   0.00977   0.00931   0.00872
  0.450  0.05731*  0.01164*  0.01111*  0.01045   0.00988   0.00927
  0.500  0.06282*  0.01181*  0.01091   0.01028   0.00954   0.00851
  0.550  0.06608*  0.01184*  0.01061   0.00957   0.00842   0.00735
  0.600  0.07226*  0.01209*  0.01034   0.00876   0.00737   0.00617
  0.700  0.08109*  0.01224*  0.00967   0.00748   0.00560   0.00436
  0.800  0.08708*  0.01061   0.00722   0.00507   0.00344   0.00225
  1.000  0.09635*  0.00778   0.00397   0.00211   0.00115   0.00063
  1.500  0.10086*  0.00188   0.00053   0.00011   0.00002   0.00000
  2.000  0.09237*  0.00019   0.00003   0.00000   0.00000   0.00000
  3.000  0.06276*  0.00001   0.00000   0.00000   0.00000   0.00000
  5.000  0.01743*  0.00000   0.00000   0.00000   0.00000   0.00000
  worst: N=2: 0.10086 at 1.5  N=20: 0.01224 at 0.7  N=30: 0.01111 at 0.45  N=40: 0.01045 at 0.45  N=50: 0.00988 at 0.45  N=60: 0.00934 at 0.4

estimated variance, mixture, alpha 0.005, horizon 200 rows per arm (bound 0.00567); rejection rate by burn-in N (N=2: none)
  ratio       N=2      N=20      N=30      N=40      N=50      N=60
  0.100  0.00916*  0.00000   0.00000   0.00000   0.00000   0.00000
  0.150  0.01422*  0.00001   0.00001   0.00001   0.00001   0.00001
  0.200  0.01876*  0.00040   0.00040   0.00040   0.00040   0.00040
  0.250  0.02472*  0.00162   0.00162   0.00162   0.00160   0.00159
  0.275  0.02751*  0.00218   0.00218   0.00217   0.00215   0.00213
  0.300  0.03106*  0.00306   0.00306   0.00305   0.00303   0.00300
  0.325  0.03362*  0.00393   0.00387   0.00381   0.00376   0.00369
  0.350  0.03535*  0.00409   0.00405   0.00400   0.00393   0.00384
  0.375  0.03831*  0.00457   0.00454   0.00454   0.00435   0.00418
  0.400  0.04175*  0.00535   0.00522   0.00514   0.00506   0.00488
  0.425  0.04250*  0.00490   0.00476   0.00466   0.00446   0.00436
  0.450  0.04536*  0.00601*  0.00579*  0.00558   0.00539   0.00501
  0.500  0.04950*  0.00603*  0.00566   0.00542   0.00509   0.00459
  0.550  0.05293*  0.00644*  0.00585*  0.00534   0.00477   0.00423
  0.600  0.05791*  0.00683*  0.00601*  0.00509   0.00424   0.00369
  0.700  0.06561*  0.00721*  0.00576*  0.00452   0.00357   0.00279
  0.800  0.07153*  0.00629*  0.00436   0.00307   0.00214   0.00152
  1.000  0.07999*  0.00466   0.00252   0.00143   0.00079   0.00038
  1.500  0.08610*  0.00133   0.00037   0.00008   0.00002   0.00000
  2.000  0.08035*  0.00014   0.00002   0.00000   0.00000   0.00000
  3.000  0.05556*  0.00001   0.00000   0.00000   0.00000   0.00000
  5.000  0.01601*  0.00000   0.00000   0.00000   0.00000   0.00000
  worst: N=2: 0.08610 at 1.5  N=20: 0.00721 at 0.7  N=30: 0.00601 at 0.6  N=40: 0.00558 at 0.45  N=50: 0.00539 at 0.45  N=60: 0.00501 at 0.45

DECISION: per tier, the smallest N in (20, 30, 40, 50, 60) within the bound at every ratio, at every alpha of the tier, at both horizons (200, 1000)
  alpha >= 0.05          N=20: fail; a0.05@200: 0.05206 at 0.425 (bound 0.05207); a0.05@1000: 0.05342 at 0.35 (bound 0.05207); a0.1@200: 0.09948 at 0.35 (bound 0.10285); a0.1@1000: 0.10073 at 0.275 (bound 0.10285)
  alpha >= 0.05          N=30: PASS; a0.05@200: 0.04919 at 0.35 (bound 0.05207); a0.05@1000: 0.05119 at 0.35 (bound 0.05207); a0.1@200: 0.09335 at 0.35 (bound 0.10285); a0.1@1000: 0.09935 at 0.25 (bound 0.10285)
  0.01 <= alpha < 0.05   N=20: fail; a0.01@200: 0.01224 at 0.7 (bound 0.01094); a0.01@1000: 0.01224 at 0.7 (bound 0.01094); a0.025@200: 0.02719 at 0.5 (bound 0.02648); a0.025@1000: 0.02764 at 0.35 (bound 0.02648)
  0.01 <= alpha < 0.05   N=30: fail; a0.01@200: 0.01111 at 0.45 (bound 0.01094); a0.01@1000: 0.01135 at 0.45 (bound 0.01094); a0.025@200: 0.02550 at 0.4 (bound 0.02648); a0.025@1000: 0.02686 at 0.35 (bound 0.02648)
  0.01 <= alpha < 0.05   N=40: PASS; a0.01@200: 0.01045 at 0.45 (bound 0.01094); a0.01@1000: 0.01088 at 0.4 (bound 0.01094); a0.025@200: 0.02440 at 0.4 (bound 0.02648); a0.025@1000: 0.02611 at 0.35 (bound 0.02648)
  chosen: alpha >= 0.05 -> 30; 0.01 <= alpha < 0.05 -> 40
  alpha 0.005 (below the calibrated range) with N=40, horizon 200: worst 0.00558 at 0.45 (bound 0.00567)
  alpha 0.005 (below the calibrated range) with N=40, horizon 1000: worst 0.00577 at 0.45 (bound 0.00567)

for comparison, estimated variance, worst over ratios (horizon 1000 / 200):
  one-sided alpha 0.05: N=2: 0.1091 (1) / 0.1091 (1); N=20: 0.0517 (0.275) / 0.0505 (0.35); N=30: 0.0512 (0.275) / 0.0480 (0.35); N=40: 0.0505 (0.275) / 0.0452 (0.35); N=50: 0.0504 (0.2) / 0.0429 (0.275); N=60: 0.0502 (0.2) / 0.0414 (0.275)
  one-sided alpha 0.01: N=2: 0.0603 (1.5) / 0.0603 (1.5); N=20: 0.0117 (0.4) / 0.0116 (0.6); N=30: 0.0113 (0.4) / 0.0109 (0.4); N=40: 0.0109 (0.375) / 0.0104 (0.4); N=50: 0.0107 (0.25) / 0.0100 (0.4); N=60: 0.0107 (0.25) / 0.0094 (0.4)
  abs(z)    alpha 0.05: N=2: 0.2232 (1) / 0.2232 (1); N=20: 0.1086 (0.25) / 0.1056 (0.35); N=30: 0.1074 (0.25) / 0.0995 (0.35); N=40: 0.1059 (0.2) / 0.0929 (0.35); N=50: 0.1053 (0.2) / 0.0876 (0.3); N=60: 0.1045 (0.2) / 0.0829 (0.3)
  abs(z)    alpha 0.01: N=2: 0.1216 (1.5) / 0.1216 (1.5); N=20: 0.0240 (0.5) / 0.0239 (0.5); N=30: 0.0228 (0.4) / 0.0218 (0.4); N=40: 0.0221 (0.25) / 0.0208 (0.4); N=50: 0.0220 (0.25) / 0.0196 (0.4); N=60: 0.0218 (0.25) / 0.0183 (0.4)

known variance (the martingale argument without the estimate), worst over ratios (horizon 1000 / 200):
  mixture alpha 0.05: N=2: 0.0468 (0.2) / 0.0430 (0.35); N=20: 0.0468 (0.2) / 0.0430 (0.35); N=30: 0.0468 (0.2) / 0.0427 (0.35); N=40: 0.0468 (0.2) / 0.0418 (0.35); N=50: 0.0468 (0.2) / 0.0403 (0.35); N=60: 0.0467 (0.2) / 0.0386 (0.35)
  mixture alpha 0.01: N=2: 0.0095 (0.25) / 0.0084 (0.45); N=20: 0.0095 (0.25) / 0.0084 (0.45); N=30: 0.0095 (0.25) / 0.0084 (0.45); N=40: 0.0095 (0.25) / 0.0084 (0.45); N=50: 0.0095 (0.25) / 0.0083 (0.45); N=60: 0.0095 (0.25) / 0.0079 (0.45)
  abs(z)  alpha 0.05: N=2: 0.1005 (0.2) / 0.0925 (0.35); N=20: 0.1005 (0.2) / 0.0922 (0.35); N=30: 0.1005 (0.2) / 0.0904 (0.35); N=40: 0.1005 (0.2) / 0.0868 (0.35); N=50: 0.1003 (0.2) / 0.0822 (0.3); N=60: 0.1000 (0.2) / 0.0787 (0.3)
  abs(z)  alpha 0.01: N=2: 0.0201 (0.2) / 0.0176 (0.425); N=20: 0.0201 (0.2) / 0.0175 (0.425); N=30: 0.0201 (0.2) / 0.0174 (0.425); N=40: 0.0201 (0.2) / 0.0170 (0.425); N=50: 0.0201 (0.2) / 0.0164 (0.425); N=60: 0.0201 (0.2) / 0.0159 (0.4)

per-ratio detail (estimated variance), horizon 200 / 1000:
  ratio 0.25 abs(z)    alpha 0.01  N=20: 0.01129 / 0.02214
  ratio 0.25 abs(z)    alpha 0.01  N= 2: 0.04117 / 0.05162
  ratio 0.25 abs(z)    alpha 0.01  N=30: 0.01129 / 0.02214
  ratio 0.25 abs(z)    alpha 0.01  N=40: 0.01124 / 0.02209
  ratio 0.25 abs(z)    alpha 0.01  N=50: 0.01113 / 0.02198
  ratio 0.25 abs(z)    alpha 0.01  N=60: 0.01098 / 0.02184
  ratio 0.25 abs(z)    alpha 0.05  N=20: 0.08622 / 0.10856
  ratio 0.25 abs(z)    alpha 0.05  N= 2: 0.13423 / 0.15542
  ratio 0.25 abs(z)    alpha 0.05  N=30: 0.08504 / 0.10741
  ratio 0.25 abs(z)    alpha 0.05  N=40: 0.08338 / 0.10584
  ratio 0.25 abs(z)    alpha 0.05  N=50: 0.08094 / 0.10355
  ratio 0.25 abs(z)    alpha 0.05  N=60: 0.07820 / 0.10096
  ratio 0.25 mixture   alpha 0.005 N=20: 0.00162 / 0.00559
  ratio 0.25 mixture   alpha 0.005 N= 2: 0.02472 / 0.02858
  ratio 0.25 mixture   alpha 0.005 N=30: 0.00162 / 0.00559
  ratio 0.25 mixture   alpha 0.005 N=40: 0.00162 / 0.00559
  ratio 0.25 mixture   alpha 0.005 N=50: 0.00160 / 0.00557
  ratio 0.25 mixture   alpha 0.005 N=60: 0.00159 / 0.00556
  ratio 0.25 mixture   alpha 0.01  N=20: 0.00433 / 0.01079
  ratio 0.25 mixture   alpha 0.01  N= 2: 0.03059 / 0.03689
  ratio 0.25 mixture   alpha 0.01  N=30: 0.00433 / 0.01079
  ratio 0.25 mixture   alpha 0.01  N=40: 0.00432 / 0.01078
  ratio 0.25 mixture   alpha 0.01  N=50: 0.00431 / 0.01077
  ratio 0.25 mixture   alpha 0.01  N=60: 0.00429 / 0.01075
  ratio 0.25 mixture   alpha 0.025 N=20: 0.01470 / 0.02511
  ratio 0.25 mixture   alpha 0.025 N= 2: 0.04637 / 0.05641
  ratio 0.25 mixture   alpha 0.025 N=30: 0.01466 / 0.02507
  ratio 0.25 mixture   alpha 0.025 N=40: 0.01458 / 0.02499
  ratio 0.25 mixture   alpha 0.025 N=50: 0.01444 / 0.02485
  ratio 0.25 mixture   alpha 0.025 N=60: 0.01426 / 0.02468
  ratio 0.25 mixture   alpha 0.05  N=20: 0.03622 / 0.05044
  ratio 0.25 mixture   alpha 0.05  N= 2: 0.07470 / 0.08830
  ratio 0.25 mixture   alpha 0.05  N=30: 0.03576 / 0.05001
  ratio 0.25 mixture   alpha 0.05  N=40: 0.03537 / 0.04963
  ratio 0.25 mixture   alpha 0.05  N=50: 0.03467 / 0.04899
  ratio 0.25 mixture   alpha 0.05  N=60: 0.03384 / 0.04820
  ratio 0.25 mixture   alpha 0.1   N=20: 0.08520 / 0.10051
  ratio 0.25 mixture   alpha 0.1   N= 2: 0.13333 / 0.14788
  ratio 0.25 mixture   alpha 0.1   N=30: 0.08402 / 0.09935
  ratio 0.25 mixture   alpha 0.1   N=40: 0.08235 / 0.09775
  ratio 0.25 mixture   alpha 0.1   N=50: 0.07990 / 0.09540
  ratio 0.25 mixture   alpha 0.1   N=60: 0.07717 / 0.09280
  ratio 0.25 one-sided alpha 0.01  N=20: 0.00582 / 0.01050
  ratio 0.25 one-sided alpha 0.01  N= 2: 0.02043 / 0.02472
  ratio 0.25 one-sided alpha 0.01  N=30: 0.00587 / 0.01059
  ratio 0.25 one-sided alpha 0.01  N=40: 0.00587 / 0.01064
  ratio 0.25 one-sided alpha 0.01  N=50: 0.00583 / 0.01066
  ratio 0.25 one-sided alpha 0.01  N=60: 0.00578 / 0.01073
  ratio 0.25 one-sided alpha 0.05  N=20: 0.04146 / 0.05102
  ratio 0.25 one-sided alpha 0.05  N= 2: 0.06403 / 0.07278
  ratio 0.25 one-sided alpha 0.05  N=30: 0.04123 / 0.05092
  ratio 0.25 one-sided alpha 0.05  N=40: 0.04068 / 0.05050
  ratio 0.25 one-sided alpha 0.05  N=50: 0.03972 / 0.04979
  ratio 0.25 one-sided alpha 0.05  N=60: 0.03861 / 0.04895
  ratio 0.4 abs(z)    alpha 0.01  N=20: 0.02294 / 0.02392
  ratio 0.4 abs(z)    alpha 0.01  N= 2: 0.07158 / 0.07250
  ratio 0.4 abs(z)    alpha 0.01  N=30: 0.02182 / 0.02280
  ratio 0.4 abs(z)    alpha 0.01  N=40: 0.02080 / 0.02181
  ratio 0.4 abs(z)    alpha 0.01  N=50: 0.01963 / 0.02066
  ratio 0.4 abs(z)    alpha 0.01  N=60: 0.01834 / 0.01941
  ratio 0.4 abs(z)    alpha 0.05  N=20: 0.10299 / 0.10380
  ratio 0.4 abs(z)    alpha 0.05  N= 2: 0.18493 / 0.18560
  ratio 0.4 abs(z)    alpha 0.05  N=30: 0.09438 / 0.09519
  ratio 0.4 abs(z)    alpha 0.05  N=40: 0.08527 / 0.08609
  ratio 0.4 abs(z)    alpha 0.05  N=50: 0.07711 / 0.07802
  ratio 0.4 abs(z)    alpha 0.05  N=60: 0.06996 / 0.07103
  ratio 0.4 mixture   alpha 0.005 N=20: 0.00535 / 0.00585
  ratio 0.4 mixture   alpha 0.005 N= 2: 0.04175 / 0.04223
  ratio 0.4 mixture   alpha 0.005 N=30: 0.00522 / 0.00573
  ratio 0.4 mixture   alpha 0.005 N=40: 0.00514 / 0.00566
  ratio 0.4 mixture   alpha 0.005 N=50: 0.00506 / 0.00560
  ratio 0.4 mixture   alpha 0.005 N=60: 0.00488 / 0.00544
  ratio 0.4 mixture   alpha 0.01  N=20: 0.01089 / 0.01162
  ratio 0.4 mixture   alpha 0.01  N= 2: 0.05237 / 0.05306
  ratio 0.4 mixture   alpha 0.01  N=30: 0.01057 / 0.01130
  ratio 0.4 mixture   alpha 0.01  N=40: 0.01015 / 0.01088
  ratio 0.4 mixture   alpha 0.01  N=50: 0.00975 / 0.01052
  ratio 0.4 mixture   alpha 0.01  N=60: 0.00934 / 0.01013
  ratio 0.4 mixture   alpha 0.025 N=20: 0.02700 / 0.02763
  ratio 0.4 mixture   alpha 0.025 N= 2: 0.07880 / 0.07940
  ratio 0.4 mixture   alpha 0.025 N=30: 0.02550 / 0.02613
  ratio 0.4 mixture   alpha 0.025 N=40: 0.02440 / 0.02503
  ratio 0.4 mixture   alpha 0.025 N=50: 0.02296 / 0.02364
  ratio 0.4 mixture   alpha 0.025 N=60: 0.02153 / 0.02225
  ratio 0.4 mixture   alpha 0.05  N=20: 0.05127 / 0.05180
  ratio 0.4 mixture   alpha 0.05  N= 2: 0.11496 / 0.11545
  ratio 0.4 mixture   alpha 0.05  N=30: 0.04765 / 0.04818
  ratio 0.4 mixture   alpha 0.05  N=40: 0.04444 / 0.04498
  ratio 0.4 mixture   alpha 0.05  N=50: 0.04131 / 0.04192
  ratio 0.4 mixture   alpha 0.05  N=60: 0.03793 / 0.03857
  ratio 0.4 mixture   alpha 0.1   N=20: 0.09604 / 0.09624
  ratio 0.4 mixture   alpha 0.1   N= 2: 0.17855 / 0.17871
  ratio 0.4 mixture   alpha 0.1   N=30: 0.08746 / 0.08766
  ratio 0.4 mixture   alpha 0.1   N=40: 0.07881 / 0.07902
  ratio 0.4 mixture   alpha 0.1   N=50: 0.07120 / 0.07149
  ratio 0.4 mixture   alpha 0.1   N=60: 0.06499 / 0.06534
  ratio 0.4 one-sided alpha 0.01  N=20: 0.01127 / 0.01166
  ratio 0.4 one-sided alpha 0.01  N= 2: 0.03522 / 0.03555
  ratio 0.4 one-sided alpha 0.01  N=30: 0.01085 / 0.01126
  ratio 0.4 one-sided alpha 0.01  N=40: 0.01044 / 0.01086
  ratio 0.4 one-sided alpha 0.01  N=50: 0.01002 / 0.01046
  ratio 0.4 one-sided alpha 0.01  N=60: 0.00939 / 0.00984
  ratio 0.4 one-sided alpha 0.05  N=20: 0.04924 / 0.04953
  ratio 0.4 one-sided alpha 0.05  N= 2: 0.08750 / 0.08771
  ratio 0.4 one-sided alpha 0.05  N=30: 0.04607 / 0.04639
  ratio 0.4 one-sided alpha 0.05  N=40: 0.04227 / 0.04261
  ratio 0.4 one-sided alpha 0.05  N=50: 0.03828 / 0.03868
  ratio 0.4 one-sided alpha 0.05  N=60: 0.03479 / 0.03526
  ratio 0.425 abs(z)    alpha 0.01  N=20: 0.02298 / 0.02366
  ratio 0.425 abs(z)    alpha 0.01  N= 2: 0.07379 / 0.07445
  ratio 0.425 abs(z)    alpha 0.01  N=30: 0.02159 / 0.02227
  ratio 0.425 abs(z)    alpha 0.01  N=40: 0.02032 / 0.02102
  ratio 0.425 abs(z)    alpha 0.01  N=50: 0.01900 / 0.01973
  ratio 0.425 abs(z)    alpha 0.01  N=60: 0.01764 / 0.01839
  ratio 0.425 abs(z)    alpha 0.05  N=20: 0.10304 / 0.10350
  ratio 0.425 abs(z)    alpha 0.05  N= 2: 0.19013 / 0.19052
  ratio 0.425 abs(z)    alpha 0.05  N=30: 0.09237 / 0.09283
  ratio 0.425 abs(z)    alpha 0.05  N=40: 0.08237 / 0.08285
  ratio 0.425 abs(z)    alpha 0.05  N=50: 0.07384 / 0.07437
  ratio 0.425 abs(z)    alpha 0.05  N=60: 0.06631 / 0.06688
  ratio 0.425 mixture   alpha 0.005 N=20: 0.00490 / 0.00528
  ratio 0.425 mixture   alpha 0.005 N= 2: 0.04250 / 0.04286
  ratio 0.425 mixture   alpha 0.005 N=30: 0.00476 / 0.00514
  ratio 0.425 mixture   alpha 0.005 N=40: 0.00466 / 0.00504
  ratio 0.425 mixture   alpha 0.005 N=50: 0.00446 / 0.00486
  ratio 0.425 mixture   alpha 0.005 N=60: 0.00436 / 0.00479
  ratio 0.425 mixture   alpha 0.01  N=20: 0.01059 / 0.01102
  ratio 0.425 mixture   alpha 0.01  N= 2: 0.05391 / 0.05433
  ratio 0.425 mixture   alpha 0.01  N=30: 0.01012 / 0.01055
  ratio 0.425 mixture   alpha 0.01  N=40: 0.00977 / 0.01020
  ratio 0.425 mixture   alpha 0.01  N=50: 0.00931 / 0.00977
  ratio 0.425 mixture   alpha 0.01  N=60: 0.00872 / 0.00921
  ratio 0.425 mixture   alpha 0.025 N=20: 0.02697 / 0.02736
  ratio 0.425 mixture   alpha 0.025 N= 2: 0.08122 / 0.08160
  ratio 0.425 mixture   alpha 0.025 N=30: 0.02520 / 0.02559
  ratio 0.425 mixture   alpha 0.025 N=40: 0.02354 / 0.02393
  ratio 0.425 mixture   alpha 0.025 N=50: 0.02200 / 0.02243
  ratio 0.425 mixture   alpha 0.025 N=60: 0.02055 / 0.02102
  ratio 0.425 mixture   alpha 0.05  N=20: 0.05206 / 0.05234
  ratio 0.425 mixture   alpha 0.05  N= 2: 0.11932 / 0.11959
  ratio 0.425 mixture   alpha 0.05  N=30: 0.04759 / 0.04789
  ratio 0.425 mixture   alpha 0.05  N=40: 0.04323 / 0.04353
  ratio 0.425 mixture   alpha 0.05  N=50: 0.03952 / 0.03987
  ratio 0.425 mixture   alpha 0.05  N=60: 0.03645 / 0.03683
  ratio 0.425 mixture   alpha 0.1   N=20: 0.09637 / 0.09644
  ratio 0.425 mixture   alpha 0.1   N= 2: 0.18411 / 0.18417
  ratio 0.425 mixture   alpha 0.1   N=30: 0.08592 / 0.08599
  ratio 0.425 mixture   alpha 0.1   N=40: 0.07632 / 0.07640
  ratio 0.425 mixture   alpha 0.1   N=50: 0.06830 / 0.06841
  ratio 0.425 mixture   alpha 0.1   N=60: 0.06187 / 0.06200
  ratio 0.425 one-sided alpha 0.01  N=20: 0.01119 / 0.01147
  ratio 0.425 one-sided alpha 0.01  N= 2: 0.03567 / 0.03594
  ratio 0.425 one-sided alpha 0.01  N=30: 0.01081 / 0.01115
  ratio 0.425 one-sided alpha 0.01  N=40: 0.01019 / 0.01055
  ratio 0.425 one-sided alpha 0.01  N=50: 0.00959 / 0.00999
  ratio 0.425 one-sided alpha 0.01  N=60: 0.00889 / 0.00931
  ratio 0.425 one-sided alpha 0.05  N=20: 0.05008 / 0.05027
  ratio 0.425 one-sided alpha 0.05  N= 2: 0.09027 / 0.09043
  ratio 0.425 one-sided alpha 0.05  N=30: 0.04561 / 0.04583
  ratio 0.425 one-sided alpha 0.05  N=40: 0.04083 / 0.04105
  ratio 0.425 one-sided alpha 0.05  N=50: 0.03662 / 0.03689
  ratio 0.425 one-sided alpha 0.05  N=60: 0.03321 / 0.03350
  ratio 0.55 abs(z)    alpha 0.01  N=20: 0.02300 / 0.02302
  ratio 0.55 abs(z)    alpha 0.01  N= 2: 0.08806 / 0.08808
  ratio 0.55 abs(z)    alpha 0.01  N=30: 0.02061 / 0.02063
  ratio 0.55 abs(z)    alpha 0.01  N=40: 0.01766 / 0.01768
  ratio 0.55 abs(z)    alpha 0.01  N=50: 0.01538 / 0.01540
  ratio 0.55 abs(z)    alpha 0.01  N=60: 0.01327 / 0.01330
  ratio 0.55 abs(z)    alpha 0.05  N=20: 0.08918 / 0.08919
  ratio 0.55 abs(z)    alpha 0.05  N= 2: 0.20566 / 0.20567
  ratio 0.55 abs(z)    alpha 0.05  N=30: 0.07339 / 0.07340
  ratio 0.55 abs(z)    alpha 0.05  N=40: 0.06034 / 0.06035
  ratio 0.55 abs(z)    alpha 0.05  N=50: 0.04965 / 0.04966
  ratio 0.55 abs(z)    alpha 0.05  N=60: 0.04048 / 0.04049
  ratio 0.55 mixture   alpha 0.005 N=20: 0.00644 / 0.00645
  ratio 0.55 mixture   alpha 0.005 N= 2: 0.05293 / 0.05294
  ratio 0.55 mixture   alpha 0.005 N=30: 0.00585 / 0.00586
  ratio 0.55 mixture   alpha 0.005 N=40: 0.00534 / 0.00535
  ratio 0.55 mixture   alpha 0.005 N=50: 0.00477 / 0.00478
  ratio 0.55 mixture   alpha 0.005 N=60: 0.00423 / 0.00424
  ratio 0.55 mixture   alpha 0.01  N=20: 0.01184 / 0.01184
  ratio 0.55 mixture   alpha 0.01  N= 2: 0.06608 / 0.06608
  ratio 0.55 mixture   alpha 0.01  N=30: 0.01061 / 0.01061
  ratio 0.55 mixture   alpha 0.01  N=40: 0.00957 / 0.00957
  ratio 0.55 mixture   alpha 0.01  N=50: 0.00842 / 0.00842
  ratio 0.55 mixture   alpha 0.01  N=60: 0.00735 / 0.00735
  ratio 0.55 mixture   alpha 0.025 N=20: 0.02600 / 0.02600
  ratio 0.55 mixture   alpha 0.025 N= 2: 0.09549 / 0.09549
  ratio 0.55 mixture   alpha 0.025 N=30: 0.02310 / 0.02310
  ratio 0.55 mixture   alpha 0.025 N=40: 0.02003 / 0.02003
  ratio 0.55 mixture   alpha 0.025 N=50: 0.01728 / 0.01728
  ratio 0.55 mixture   alpha 0.025 N=60: 0.01500 / 0.01500
  ratio 0.55 mixture   alpha 0.05  N=20: 0.04773 / 0.04773
  ratio 0.55 mixture   alpha 0.05  N= 2: 0.13573 / 0.13573
  ratio 0.55 mixture   alpha 0.05  N=30: 0.04050 / 0.04050
  ratio 0.55 mixture   alpha 0.05  N=40: 0.03433 / 0.03433
  ratio 0.55 mixture   alpha 0.05  N=50: 0.02869 / 0.02869
  ratio 0.55 mixture   alpha 0.05  N=60: 0.02398 / 0.02398
  ratio 0.55 mixture   alpha 0.1   N=20: 0.08269 / 0.08269
  ratio 0.55 mixture   alpha 0.1   N= 2: 0.19932 / 0.19932
  ratio 0.55 mixture   alpha 0.1   N=30: 0.06791 / 0.06791
  ratio 0.55 mixture   alpha 0.1   N=40: 0.05641 / 0.05641
  ratio 0.55 mixture   alpha 0.1   N=50: 0.04644 / 0.04644
  ratio 0.55 mixture   alpha 0.1   N=60: 0.03799 / 0.03799
  ratio 0.55 one-sided alpha 0.01  N=20: 0.01118 / 0.01119
  ratio 0.55 one-sided alpha 0.01  N= 2: 0.04255 / 0.04256
  ratio 0.55 one-sided alpha 0.01  N=30: 0.01017 / 0.01018
  ratio 0.55 one-sided alpha 0.01  N=40: 0.00880 / 0.00881
  ratio 0.55 one-sided alpha 0.01  N=50: 0.00762 / 0.00763
  ratio 0.55 one-sided alpha 0.01  N=60: 0.00652 / 0.00653
  ratio 0.55 one-sided alpha 0.05  N=20: 0.04403 / 0.04404
  ratio 0.55 one-sided alpha 0.05  N= 2: 0.09744 / 0.09745
  ratio 0.55 one-sided alpha 0.05  N=30: 0.03651 / 0.03652
  ratio 0.55 one-sided alpha 0.05  N=40: 0.03006 / 0.03007
  ratio 0.55 one-sided alpha 0.05  N=50: 0.02494 / 0.02495
  ratio 0.55 one-sided alpha 0.05  N=60: 0.02028 / 0.02029
  ratio 1 abs(z)    alpha 0.01  N=20: 0.01317 / 0.01317
  ratio 1 abs(z)    alpha 0.01  N= 2: 0.12047 / 0.12047
  ratio 1 abs(z)    alpha 0.01  N=30: 0.00655 / 0.00655
  ratio 1 abs(z)    alpha 0.01  N=40: 0.00334 / 0.00334
  ratio 1 abs(z)    alpha 0.01  N=50: 0.00182 / 0.00182
  ratio 1 abs(z)    alpha 0.01  N=60: 0.00101 / 0.00101
  ratio 1 abs(z)    alpha 0.05  N=20: 0.03717 / 0.03717
  ratio 1 abs(z)    alpha 0.05  N= 2: 0.22322 / 0.22322
  ratio 1 abs(z)    alpha 0.05  N=30: 0.01802 / 0.01802
  ratio 1 abs(z)    alpha 0.05  N=40: 0.00876 / 0.00876
  ratio 1 abs(z)    alpha 0.05  N=50: 0.00442 / 0.00442
  ratio 1 abs(z)    alpha 0.05  N=60: 0.00218 / 0.00218
  ratio 1 mixture   alpha 0.005 N=20: 0.00466 / 0.00466
  ratio 1 mixture   alpha 0.005 N= 2: 0.07999 / 0.07999
  ratio 1 mixture   alpha 0.005 N=30: 0.00252 / 0.00252
  ratio 1 mixture   alpha 0.005 N=40: 0.00143 / 0.00143
  ratio 1 mixture   alpha 0.005 N=50: 0.00079 / 0.00079
  ratio 1 mixture   alpha 0.005 N=60: 0.00038 / 0.00038
  ratio 1 mixture   alpha 0.01  N=20: 0.00778 / 0.00778
  ratio 1 mixture   alpha 0.01  N= 2: 0.09635 / 0.09635
  ratio 1 mixture   alpha 0.01  N=30: 0.00397 / 0.00397
  ratio 1 mixture   alpha 0.01  N=40: 0.00211 / 0.00211
  ratio 1 mixture   alpha 0.01  N=50: 0.00115 / 0.00115
  ratio 1 mixture   alpha 0.01  N=60: 0.00063 / 0.00063
  ratio 1 mixture   alpha 0.025 N=20: 0.01511 / 0.01511
  ratio 1 mixture   alpha 0.025 N= 2: 0.12802 / 0.12802
  ratio 1 mixture   alpha 0.025 N=30: 0.00744 / 0.00744
  ratio 1 mixture   alpha 0.025 N=40: 0.00380 / 0.00380
  ratio 1 mixture   alpha 0.025 N=50: 0.00199 / 0.00199
  ratio 1 mixture   alpha 0.025 N=60: 0.00112 / 0.00112
  ratio 1 mixture   alpha 0.05  N=20: 0.02300 / 0.02300
  ratio 1 mixture   alpha 0.05  N= 2: 0.16368 / 0.16368
  ratio 1 mixture   alpha 0.05  N=30: 0.01138 / 0.01138
  ratio 1 mixture   alpha 0.05  N=40: 0.00560 / 0.00560
  ratio 1 mixture   alpha 0.05  N=50: 0.00296 / 0.00296
  ratio 1 mixture   alpha 0.05  N=60: 0.00150 / 0.00150
  ratio 1 mixture   alpha 0.1   N=20: 0.03540 / 0.03540
  ratio 1 mixture   alpha 0.1   N= 2: 0.21775 / 0.21775
  ratio 1 mixture   alpha 0.1   N=30: 0.01726 / 0.01726
  ratio 1 mixture   alpha 0.1   N=40: 0.00841 / 0.00841
  ratio 1 mixture   alpha 0.1   N=50: 0.00429 / 0.00429
  ratio 1 mixture   alpha 0.1   N=60: 0.00209 / 0.00209
  ratio 1 one-sided alpha 0.01  N=20: 0.00646 / 0.00646
  ratio 1 one-sided alpha 0.01  N= 2: 0.05983 / 0.05983
  ratio 1 one-sided alpha 0.01  N=30: 0.00307 / 0.00307
  ratio 1 one-sided alpha 0.01  N=40: 0.00161 / 0.00161
  ratio 1 one-sided alpha 0.01  N=50: 0.00091 / 0.00091
  ratio 1 one-sided alpha 0.01  N=60: 0.00053 / 0.00053
  ratio 1 one-sided alpha 0.05  N=20: 0.01820 / 0.01820
  ratio 1 one-sided alpha 0.05  N= 2: 0.10915 / 0.10915
  ratio 1 one-sided alpha 0.05  N=30: 0.00843 / 0.00843
  ratio 1 one-sided alpha 0.05  N=40: 0.00421 / 0.00421
  ratio 1 one-sided alpha 0.05  N=50: 0.00208 / 0.00208
  ratio 1 one-sided alpha 0.05  N=60: 0.00098 / 0.00098
  ratio 2 abs(z)    alpha 0.01  N=20: 0.00030 / 0.00030
  ratio 2 abs(z)    alpha 0.01  N= 2: 0.10814 / 0.10814
  ratio 2 abs(z)    alpha 0.01  N=30: 0.00004 / 0.00004
  ratio 2 abs(z)    alpha 0.01  N=40: 0.00000 / 0.00000
  ratio 2 abs(z)    alpha 0.01  N=50: 0.00000 / 0.00000
  ratio 2 abs(z)    alpha 0.01  N=60: 0.00000 / 0.00000
  ratio 2 abs(z)    alpha 0.05  N=20: 0.00072 / 0.00072
  ratio 2 abs(z)    alpha 0.05  N= 2: 0.16775 / 0.16775
  ratio 2 abs(z)    alpha 0.05  N=30: 0.00012 / 0.00012
  ratio 2 abs(z)    alpha 0.05  N=40: 0.00001 / 0.00001
  ratio 2 abs(z)    alpha 0.05  N=50: 0.00000 / 0.00000
  ratio 2 abs(z)    alpha 0.05  N=60: 0.00000 / 0.00000
  ratio 2 mixture   alpha 0.005 N=20: 0.00014 / 0.00014
  ratio 2 mixture   alpha 0.005 N= 2: 0.08035 / 0.08035
  ratio 2 mixture   alpha 0.005 N=30: 0.00002 / 0.00002
  ratio 2 mixture   alpha 0.005 N=40: 0.00000 / 0.00000
  ratio 2 mixture   alpha 0.005 N=50: 0.00000 / 0.00000
  ratio 2 mixture   alpha 0.005 N=60: 0.00000 / 0.00000
  ratio 2 mixture   alpha 0.01  N=20: 0.00019 / 0.00019
  ratio 2 mixture   alpha 0.01  N= 2: 0.09237 / 0.09237
  ratio 2 mixture   alpha 0.01  N=30: 0.00003 / 0.00003
  ratio 2 mixture   alpha 0.01  N=40: 0.00000 / 0.00000
  ratio 2 mixture   alpha 0.01  N=50: 0.00000 / 0.00000
  ratio 2 mixture   alpha 0.01  N=60: 0.00000 / 0.00000
  ratio 2 mixture   alpha 0.025 N=20: 0.00031 / 0.00031
  ratio 2 mixture   alpha 0.025 N= 2: 0.11296 / 0.11296
  ratio 2 mixture   alpha 0.025 N=30: 0.00005 / 0.00005
  ratio 2 mixture   alpha 0.025 N=40: 0.00000 / 0.00000
  ratio 2 mixture   alpha 0.025 N=50: 0.00000 / 0.00000
  ratio 2 mixture   alpha 0.025 N=60: 0.00000 / 0.00000
  ratio 2 mixture   alpha 0.05  N=20: 0.00044 / 0.00044
  ratio 2 mixture   alpha 0.05  N= 2: 0.13489 / 0.13489
  ratio 2 mixture   alpha 0.05  N=30: 0.00005 / 0.00005
  ratio 2 mixture   alpha 0.05  N=40: 0.00001 / 0.00001
  ratio 2 mixture   alpha 0.05  N=50: 0.00000 / 0.00000
  ratio 2 mixture   alpha 0.05  N=60: 0.00000 / 0.00000
  ratio 2 mixture   alpha 0.1   N=20: 0.00067 / 0.00067
  ratio 2 mixture   alpha 0.1   N= 2: 0.16525 / 0.16525
  ratio 2 mixture   alpha 0.1   N=30: 0.00011 / 0.00011
  ratio 2 mixture   alpha 0.1   N=40: 0.00001 / 0.00001
  ratio 2 mixture   alpha 0.1   N=50: 0.00000 / 0.00000
  ratio 2 mixture   alpha 0.1   N=60: 0.00000 / 0.00000
  ratio 2 one-sided alpha 0.01  N=20: 0.00013 / 0.00013
  ratio 2 one-sided alpha 0.01  N= 2: 0.05443 / 0.05443
  ratio 2 one-sided alpha 0.01  N=30: 0.00002 / 0.00002
  ratio 2 one-sided alpha 0.01  N=40: 0.00000 / 0.00000
  ratio 2 one-sided alpha 0.01  N=50: 0.00000 / 0.00000
  ratio 2 one-sided alpha 0.01  N=60: 0.00000 / 0.00000
  ratio 2 one-sided alpha 0.05  N=20: 0.00041 / 0.00041
  ratio 2 one-sided alpha 0.05  N= 2: 0.08410 / 0.08410
  ratio 2 one-sided alpha 0.05  N=30: 0.00004 / 0.00004
  ratio 2 one-sided alpha 0.05  N=40: 0.00000 / 0.00000
  ratio 2 one-sided alpha 0.05  N=50: 0.00000 / 0.00000
  ratio 2 one-sided alpha 0.05  N=60: 0.00000 / 0.00000
