extras.safetensors: equal (3 tensors)
large_embed_tokens.safetensors: equal (1 tensors)
large_lm_head.safetensors: equal (1 tensors)
layer_000.safetensors: equal (30 tensors)
layer_001.safetensors: equal (30 tensors)
layer_002.safetensors: equal (30 tensors)
layer_003.safetensors: equal (30 tensors)
layer_004.safetensors: equal (30 tensors)
layer_005.safetensors: equal (30 tensors)
layer_006.safetensors: equal (30 tensors)
layer_007.safetensors: equal (30 tensors)
layer_008.safetensors: equal (30 tensors)
layer_009.safetensors: equal (30 tensors)
layer_010.safetensors: equal (30 tensors)
layer_011.safetensors: equal (30 tensors)
layer_012.safetensors: equal (30 tensors)
layer_013.safetensors: equal (30 tensors)
layer_014.safetensors: equal (30 tensors)
layer_015.safetensors: equal (30 tensors)
layer_016.safetensors: equal (30 tensors)
layer_017.safetensors: equal (30 tensors)
layer_018.safetensors: equal (30 tensors)
layer_019.safetensors: equal (30 tensors)
layer_020.safetensors: equal (30 tensors)
layer_021.safetensors: equal (30 tensors)
layer_022.safetensors: equal (30 tensors)
layer_023.safetensors: equal (30 tensors)
layer_024.safetensors: equal (30 tensors)
layer_025.safetensors: equal (30 tensors)
layer_026.safetensors: equal (30 tensors)
layer_027.safetensors: equal (30 tensors)
layer_028.safetensors: equal (30 tensors)
layer_029.safetensors: equal (30 tensors)
layer_030.safetensors: equal (30 tensors)
layer_031.safetensors: equal (30 tensors)
layer_032.safetensors: equal (30 tensors)
layer_033.safetensors: equal (30 tensors)
layer_034.safetensors: equal (30 tensors)
layer_035.safetensors: equal (30 tensors)
layer_036.safetensors: equal (30 tensors)
layer_037.safetensors: equal (30 tensors)
layer_038.safetensors: equal (30 tensors)
layer_039.safetensors: equal (30 tensors)
layer_040.safetensors: equal (30 tensors)
layer_041.safetensors: equal (30 tensors)
layer_042.safetensors: equal (30 tensors)
layer_043.safetensors: equal (30 tensors)
layer_044.safetensors: equal (30 tensors)
layer_045.safetensors: equal (30 tensors)
layer_046.safetensors: equal (30 tensors)
layer_047.safetensors: equal (30 tensors)
layer_048.safetensors: equal (30 tensors)
layer_049.safetensors: equal (30 tensors)
layer_050.safetensors: equal (30 tensors)
layer_051.safetensors: equal (30 tensors)
layer_052.safetensors: equal (30 tensors)
layer_053.safetensors: equal (30 tensors)
layer_054.safetensors: equal (30 tensors)
layer_055.safetensors: equal (30 tensors)
layer_056.safetensors: equal (30 tensors)
layer_057.safetensors: equal (30 tensors)
layer_058.safetensors: equal (30 tensors)
layer_059.safetensors: equal (30 tensors)
layer_060.safetensors: equal (30 tensors)
layer_061.safetensors: equal (30 tensors)
layer_062.safetensors: equal (30 tensors)
layer_063.safetensors: equal (30 tensors)
layer_064.safetensors: equal (30 tensors)
layer_065.safetensors: equal (30 tensors)
layer_066.safetensors: equal (30 tensors)
layer_067.safetensors: equal (30 tensors)
layer_068.safetensors: equal (30 tensors)
layer_069.safetensors: equal (30 tensors)
layer_070.safetensors: equal (30 tensors)
layer_071.safetensors: equal (30 tensors)
layer_072.safetensors: equal (30 tensors)
layer_073.safetensors: equal (30 tensors)
layer_074.safetensors: equal (30 tensors)
layer_075.safetensors: equal (30 tensors)
layer_076.safetensors: equal (30 tensors)
layer_077.safetensors: equal (30 tensors)
layer_078.safetensors: equal (30 tensors)
layer_079.safetensors: equal (30 tensors)
ALL EQUAL: True; files 83, tensors 2405, 36.388 GB, 117 s
