[transformers] Model config: bos_token_id must be `None` or an integer within the vocabulary (between 0 and 32767), got 128000. This may result in unexpected behavior.
[transformers] Model config: eos_token_id must be `None` or an integer within the vocabulary (between 0 and 32767), got 128001. This may result in unexpected behavior.
[transformers] `torch_dtype` is deprecated! Use `dtype` instead!
W1007 17:51:24.196000 45176 site-packages\torch\utils\flop_counter.py:113] triton not found; flop counting will not work for triton kernels
RUN: L2L step-0 probe, mode spill
gpu             NVIDIA GeForce RTX 5070 Laptop GPU
torch           2.14.0+cu130
vram_total_gb   8.518
soup_cli_file   C:\Users\user\projects\Soup-l2l\src\soup_cli\__init__.py
driver          616.92
pcie_gen        5
pcie_width      8
shard_dir       C:\Users\user\.soup\layer-stream\D___synth__llama-70b-shape-v32k-f4
direct_io       True
v3              {'free_gb': 15.725735936, 'commit_avail_gb': 26.234904576, 'need_gb': 10.73741824, 'margin_gb': 4.0, 'gpu_used_before_build_mib': 0, 'gpu_pids': [45176], 'foreign_gpu_pids': [], 'ram_ok': True, 'gpu_ok': True, 'ok': True}
spill_pinned_k16_r0         73.5 tok/s  step 111.466 s
spill_spill_k16_r0          73.2 tok/s  step 111.932 s
spill_spill_k16_r1          73.0 tok/s  step 112.150 s
spill_pinned_k16_r1         73.0 tok/s  step 112.245 s
wrote         benchmarks/results/probe-rtx5070/l2l/spill.json
